meshpy/meshpy/obj_file.py -> line 71 (v -> list(v))

src/dexnet/grasping/gripper.py ->  line 66 (params.iteritems() -> params.items()) 

src/dexnet/grasping/quality.py ->  line 644 (num_wrenches / num_fingers -> num_wrenches // num_fingers)

src/dexnet/grasping/grasp_quality_config.py ->  line 60 (config.iteritems(): -> config.items():) 

src/dexnet/database/database.py -> line 128 (self.data_[DATASETS_KEY].keys() -> list(self.data_[DATASETS_KEY].keys()))

src/dexnet/database/database.py -> line 128 (self.objects.keys()[self.start_index_:self.end_index_] -> list(self.objects.keys())[self.start_index_:self.end_index_])

src/dexnet/database/database.py -> line 416 (no __next__method -> create a __next__ method)

meshpy/meshpy/mesh_renderer.py -> line 14 (import meshrender -> from . import meshrender)